[www.babylonjs.com/demos/watermaterial/index.html]
[backblue.gif]
[fade.gif]
[index.html]
[cdn.webglstats.com/stat.js]
[www.google-analytics.com/analytics.js]
[d33wubrfki0l68.cloudfront.net/css/00b7b31c511ce943616fd1c5512819b8fcf13ab6/css/index.css]
[code.jquery.com/pep/0.4.0/pep.min.js]
[www.babylonjs.com/demos/watermaterial/water.js]
[www.babylonjs.com/demos/watermaterial/demo.js]
[www.babylonjs.com/demos/watermaterial/babylon.waterMaterial.js]
[d33wubrfki0l68.cloudfront.net/dcd183b9dc6674b3acb29895c9be9c241e933435/21aa7/assets/camtouchoff.png]
[d33wubrfki0l68.cloudfront.net/b79ca59bdd1cb71dd762d9a703fd40cf1ab0cb2e/e70d2/assets/camdeviceoff.png]
[preview.babylonjs.com/babylon.js]
[d33wubrfki0l68.cloudfront.net/39496e30a5783bade6a71f853eda7c4e11fff147/09f04/assets/camgamepadjoy.png]
[d33wubrfki0l68.cloudfront.net/91e4f8a450087a60aec5c3cc9bb8b3cbdb52d341/a5f13/assets/camvirtualjoy.png]
[d33wubrfki0l68.cloudfront.net/3a29c33554bd3b3723badb1507c9de8e1859064c/b0895/assets/camanagly.png]
[d33wubrfki0l68.cloudfront.net/4be4d643f634ae7cb26ddff105477a067c434512/11f81/assets/camera.png]
[www.babylonjs.com/js/loaderCustoms.js]
[www.babylonjs.com/demos/watermaterial/index.html]
[d33wubrfki0l68.cloudfront.net/css/00b7b31c511ce943616fd1c5512819b8fcf13ab6/css/index.css]
